TAP version 13
# Subtest: origin departure remains blocked after returning to the preview
ok 1 - origin departure remains blocked after returning to the preview
  ---
  duration_ms: 532.236875
  type: 'test'
  ...
# Subtest: audit navigation failure reports the committed destination and origin reason
not ok 2 - audit navigation failure reports the committed destination and origin reason
  ---
  duration_ms: 325.836834
  type: 'test'
  location: 'skills/frontend-reference-workflow/tests/layout-comparison.test.cjs:406:1'
  failureType: 'testCodeFailure'
  error: |-
    The input did not match the regular expression /origin/. Input:
    
    'Browser or audit execution failed; inspect local setup and selectors (raw output suppressed)'
    
  code: 'ERR_ASSERTION'
  name: 'AssertionError'
  expected:
  actual: 'Browser or audit execution failed; inspect local setup and selectors (raw output suppressed)'
  operator: 'match'
  stack: |-
    skills/frontend-reference-workflow/tests/layout-comparison.test.cjs:414:12
    process.processTicksAndRejections (node:internal/process/task_queues:103:5)
    async fixture (skills/frontend-reference-workflow/tests/layout-comparison.test.cjs:123:5)
    async TestContext.<anonymous> (skills/frontend-reference-workflow/tests/layout-comparison.test.cjs:407:3)
    async Test.run (node:internal/test_runner/test:1054:7)
    async Test.processPendingSubtests (node:internal/test_runner/test:744:7)
  ...
# Subtest: root width overflow uses the viewport in standard and quirks documents
not ok 3 - root width overflow uses the viewport in standard and quirks documents
  ---
  duration_ms: 517.288417
  type: 'test'
  location: 'skills/frontend-reference-workflow/tests/layout-comparison.test.cjs:419:1'
  failureType: 'testCodeFailure'
  error: |-
    /quirks-root
    
    false !== true
    
  code: 'ERR_ASSERTION'
  name: 'AssertionError'
  expected: true
  actual: false
  operator: 'strictEqual'
  stack: |-
    skills/frontend-reference-workflow/tests/layout-comparison.test.cjs:427:14
    process.processTicksAndRejections (node:internal/process/task_queues:103:5)
    async fixture (skills/frontend-reference-workflow/tests/layout-comparison.test.cjs:123:5)
    async TestContext.<anonymous> (skills/frontend-reference-workflow/tests/layout-comparison.test.cjs:420:3)
    async Test.run (node:internal/test_runner/test:1054:7)
    async Test.processPendingSubtests (node:internal/test_runner/test:744:7)
  ...
1..3
# tests 3
# suites 0
# pass 1
# fail 2
# cancelled 0
# skipped 0
# todo 0
# duration_ms 1410.738125
