TAP version 13
# Subtest: page overflow includes widths smaller than the native scrollbar
not ok 1 - page overflow includes widths smaller than the native scrollbar
  ---
  duration_ms: 813.837917
  type: 'test'
  location: 'skills/frontend-reference-workflow/tests/layout-comparison.test.cjs:340:1'
  failureType: 'testCodeFailure'
  error: |-
    /small-overflow
    
    false !== true
    
  code: 'ERR_ASSERTION'
  name: 'AssertionError'
  expected: true
  actual: false
  operator: 'strictEqual'
  stack: |-
    skills/frontend-reference-workflow/tests/layout-comparison.test.cjs:348:14
    process.processTicksAndRejections (node:internal/process/task_queues:103:5)
    async fixture (skills/frontend-reference-workflow/tests/layout-comparison.test.cjs:103:5)
    async TestContext.<anonymous> (skills/frontend-reference-workflow/tests/layout-comparison.test.cjs:341:3)
    async Test.run (node:internal/test_runner/test:1054:7)
    async startSubtestAfterBootstrap (node:internal/test_runner/harness:296:3)
  ...
# Subtest: navigation during readiness checks the actual origin and records the destination
not ok 2 - navigation during readiness checks the actual origin and records the destination
  ---
  duration_ms: 699.846375
  type: 'test'
  location: 'skills/frontend-reference-workflow/tests/layout-comparison.test.cjs:355:1'
  failureType: 'testCodeFailure'
  error: |-
    Expected values to be strictly equal:
    
    0 !== 1
    
  code: 'ERR_ASSERTION'
  name: 'AssertionError'
  expected: 1
  actual: 0
  operator: 'strictEqual'
  stack: |-
    skills/frontend-reference-workflow/tests/layout-comparison.test.cjs:361:12
    process.processTicksAndRejections (node:internal/process/task_queues:103:5)
    async fixture (skills/frontend-reference-workflow/tests/layout-comparison.test.cjs:103:5)
    async TestContext.<anonymous> (skills/frontend-reference-workflow/tests/layout-comparison.test.cjs:356:3)
    async Test.run (node:internal/test_runner/test:1054:7)
    async Test.processPendingSubtests (node:internal/test_runner/test:744:7)
  ...
1..2
# tests 2
# suites 0
# pass 0
# fail 2
# cancelled 0
# skipped 0
# todo 0
# duration_ms 1545.362375
