TAP version 13
# Subtest: isolates overflow, incomplete, missing expectations and fine-pointer coverage
not ok 1 - isolates overflow, incomplete, missing expectations and fine-pointer coverage
  ---
  duration_ms: 648.827667
  type: 'test'
  location: '/private/var/folders/57/hmrv_4ls1llb7bvs8999r78c0000gn/T/tmphr969zt_/test.cjs:202:1'
  failureType: 'testCodeFailure'
  error: |-
    Expected values to be strictly equal:
    + actual - expected
    
    + 'automated-checks-passed'
    - 'needs-work'
    
  code: 'ERR_ASSERTION'
  name: 'AssertionError'
  expected: 'needs-work'
  actual: 'automated-checks-passed'
  operator: 'strictEqual'
  stack: |-
    TestContext.<anonymous> (/private/var/folders/57/hmrv_4ls1llb7bvs8999r78c0000gn/T/tmphr969zt_/test.cjs:217:12)
    async Test.run (node:internal/test_runner/test:1054:7)
    async startSubtestAfterBootstrap (node:internal/test_runner/harness:296:3)
  ...
1..1
# tests 1
# suites 0
# pass 0
# fail 1
# cancelled 0
# skipped 0
# todo 0
# duration_ms 871.35625
