TAP version 13
# Subtest: CLI writes pass/finding/blocked reports using an isolated local fixture
not ok 1 - CLI writes pass/finding/blocked reports using an isolated local fixture
  ---
  duration_ms: 1058.597625
  type: 'test'
  location: '/private<historical-scratch-path>
  failureType: 'testCodeFailure'
  error: |-
    Expected values to be strictly equal:
    
    0 !== 1
    
  code: 'ERR_ASSERTION'
  name: 'AssertionError'
  expected: 1
  actual: 0
  operator: 'strictEqual'
  stack: |-
    TestContext.<anonymous> (/private<historical-scratch-path>)
    async Test.run (node:internal/test_runner/test:1054:7)
    async startSubtestAfterBootstrap (node:internal/test_runner/harness:296:3)
  ...
1..1
# tests 1
# suites 0
# pass 0
# fail 1
# cancelled 0
# skipped 0
# todo 0
# duration_ms 1260.209917
